Sep-12 23:26:13.076 [main] DEBUG nextflow.cli.Launcher - $> nextflow run main.nf -c config/nextflow.config
Sep-12 23:26:13.194 [main] DEBUG nextflow.cli.CmdRun - N E X T F L O W  ~  version 25.04.7
Sep-12 23:26:13.216 [main] DEBUG nextflow.plugin.PluginsFacade - Setting up plugin manager > mode=prod; embedded=false; plugins-dir=/home/tamaraperteghella/.nextflow/plugins; core-plugins: nf-amazon@2.15.0-patch1,nf-azure@1.16.0-patch1,nf-cloudcache@0.4.3,nf-codecommit@0.2.3,nf-console@1.2.1,nf-google@1.21.1,nf-k8s@1.0.0,nf-tower@1.11.4-patch1,nf-wave@1.12.1
Sep-12 23:26:13.240 [main] INFO  o.pf4j.DefaultPluginStatusProvider - Enabled plugins: []
Sep-12 23:26:13.241 [main] INFO  o.pf4j.DefaultPluginStatusProvider - Disabled plugins: []
Sep-12 23:26:13.244 [main] INFO  org.pf4j.DefaultPluginManager - PF4J version 3.12.0 in 'deployment' mode
Sep-12 23:26:13.258 [main] INFO  org.pf4j.AbstractPluginManager - No plugins
Sep-12 23:26:13.286 [main] DEBUG nextflow.config.ConfigBuilder - User config file: /home/tamaraperteghella/Programs/LyRic/LyRic/config/nextflow.config
Sep-12 23:26:13.288 [main] DEBUG nextflow.config.ConfigBuilder - Parsing config file: /home/tamaraperteghella/Programs/LyRic/LyRic/config/nextflow.config
Sep-12 23:26:13.325 [main] DEBUG n.secret.LocalSecretsProvider - Secrets store: /home/tamaraperteghella/.nextflow/secrets/store.json
Sep-12 23:26:13.330 [main] DEBUG nextflow.secret.SecretsLoader - Discovered secrets providers: [nextflow.secret.LocalSecretsProvider@3068b369] - activable => nextflow.secret.LocalSecretsProvider@3068b369
Sep-12 23:26:13.338 [main] DEBUG nextflow.config.ConfigBuilder - Applying config profile: `standard`
Sep-12 23:26:13.894 [main] DEBUG nextflow.cli.CmdRun - Applied DSL=2 from script declaration
Sep-12 23:26:13.907 [main] DEBUG nextflow.cli.CmdRun - Launching `main.nf` [loving_raman] DSL2 - revision: f7e0111255
Sep-12 23:26:13.910 [main] DEBUG nextflow.plugin.PluginsFacade - Plugins default=[]
Sep-12 23:26:13.910 [main] DEBUG nextflow.plugin.PluginsFacade - Plugins resolved requirement=[]
Sep-12 23:26:13.970 [main] DEBUG nextflow.Session - Session UUID: 600e531d-38ce-436e-af15-8a81d4c79e3b
Sep-12 23:26:13.971 [main] DEBUG nextflow.Session - Run name: loving_raman
Sep-12 23:26:13.972 [main] DEBUG nextflow.Session - Executor pool size: 12
Sep-12 23:26:13.981 [main] DEBUG nextflow.file.FilePorter - File porter settings maxRetries=3; maxTransfers=50; pollTimeout=null
Sep-12 23:26:13.987 [main] DEBUG nextflow.util.ThreadPoolBuilder - Creating thread pool 'FileTransfer' minSize=10; maxSize=36; workQueue=LinkedBlockingQueue[-1]; allowCoreThreadTimeout=false
Sep-12 23:26:14.012 [main] DEBUG nextflow.cli.CmdRun - 
  Version: 25.04.7 build 5955
  Created: 08-09-2025 13:29 UTC (15:29 CEST)
  System: Linux 6.8.0-78-generic
  Runtime: Groovy 4.0.26 on OpenJDK 64-Bit Server VM 17.0.16+8-Ubuntu-0ubuntu122.04.1
  Encoding: UTF-8 (UTF-8)
  Process: 33399@tamaraperteghella-HP-ProBook-450-15-6-inch-G9-Notebook-PC [127.0.1.1]
  CPUs: 12 - Mem: 15.3 GB (244.8 MB) - Swap: 2 GB (2 GB)
Sep-12 23:26:14.037 [main] DEBUG nextflow.Session - Work-dir: /home/tamaraperteghella/Programs/LyRic/LyRic/work [ext2/ext3]
Sep-12 23:26:14.039 [main] DEBUG nextflow.Session - Script base path does not exist or is not a directory: /home/tamaraperteghella/Programs/LyRic/LyRic/bin
Sep-12 23:26:14.054 [main] DEBUG nextflow.executor.ExecutorFactory - Extension executors providers=[]
Sep-12 23:26:14.065 [main] DEBUG nextflow.Session - Observer factory: DefaultObserverFactory
Sep-12 23:26:14.072 [main] DEBUG nextflow.Session - Observer factory (v2): LinObserverFactory
Sep-12 23:26:14.105 [main] DEBUG nextflow.cache.CacheFactory - Using Nextflow cache factory: nextflow.cache.DefaultCacheFactory
Sep-12 23:26:14.115 [main] DEBUG nextflow.util.CustomThreadPool - Creating default thread pool > poolSize: 13; maxThreads: 1000
Sep-12 23:26:14.195 [main] DEBUG nextflow.Session - Session start
Sep-12 23:26:14.367 [main] DEBUG nextflow.script.ScriptRunner - > Launching execution
Sep-12 23:26:14.880 [main] DEBUG nextflow.executor.ExecutorFactory - << taskConfig executor: null
Sep-12 23:26:14.880 [main] DEBUG nextflow.executor.ExecutorFactory - >> processorType: 'local'
Sep-12 23:26:14.887 [main] DEBUG nextflow.executor.Executor - [warm up] executor > local
Sep-12 23:26:14.894 [main] DEBUG n.processor.LocalPollingMonitor - Creating local task monitor for executor 'local' > cpus=12; memory=15.3 GB; capacity=12; pollInterval=100ms; dumpInterval=5m
Sep-12 23:26:14.897 [main] DEBUG n.processor.TaskPollingMonitor - >>> barrier register (monitor: local)
Sep-12 23:26:14.927 [main] DEBUG nextflow.processor.TaskProcessor - Creating process 'fastqStats:basicFASTQqc': maxForks=0; fair=false; array=0
Sep-12 23:26:14.969 [main] DEBUG nextflow.executor.ExecutorFactory - << taskConfig executor: null
Sep-12 23:26:14.969 [main] DEBUG nextflow.executor.ExecutorFactory - >> processorType: 'local'
Sep-12 23:26:14.971 [main] DEBUG nextflow.processor.TaskProcessor - Creating process 'fastqStats:fastqTimestamps': maxForks=0; fair=false; array=0
Sep-12 23:26:14.989 [main] DEBUG nextflow.executor.ExecutorFactory - << taskConfig executor: null
Sep-12 23:26:14.989 [main] DEBUG nextflow.executor.ExecutorFactory - >> processorType: 'local'
Sep-12 23:26:14.990 [main] DEBUG nextflow.processor.TaskProcessor - Creating process 'fastqStats:getReadLengthSummary': maxForks=0; fair=false; array=0
Sep-12 23:26:15.000 [main] DEBUG nextflow.script.ScriptRunner - Parsed script files:
  Script_b553d81a70ced1d6: /home/tamaraperteghella/Programs/LyRic/LyRic/processes/fastqStats.nf
  Script_4c6fc687ef7f6c42: /home/tamaraperteghella/Programs/LyRic/LyRic/main.nf
Sep-12 23:26:15.000 [main] DEBUG nextflow.Session - Session aborted -- Cause: Process `fastqStats:aggReadLengthSummary` declares 1 input channel but 2 were specified
Sep-12 23:26:15.002 [Task monitor] DEBUG n.processor.TaskPollingMonitor - <<< barrier arrives (monitor: local) - terminating tasks monitor poll loop
Sep-12 23:26:15.032 [main] DEBUG nextflow.Session - The following nodes are still active:
  [operator] map

Sep-12 23:26:15.039 [main] INFO  nextflow.script.BaseScript - LyRic workflow finished with errors.
Sep-12 23:26:15.043 [main] ERROR nextflow.cli.Launcher - Process `fastqStats:aggReadLengthSummary` declares 1 input channel but 2 were specified
nextflow.exception.ScriptRuntimeException: Process `fastqStats:aggReadLengthSummary` declares 1 input channel but 2 were specified
	at nextflow.script.ProcessDef.run(ProcessDef.groovy:175)
	at nextflow.script.BindableDef.invoke_a(BindableDef.groovy:51)
	at nextflow.script.ComponentDef.invoke_o(ComponentDef.groovy:40)
	at nextflow.script.WorkflowBinding.invokeMethod(WorkflowBinding.groovy:105)
	at org.codehaus.groovy.runtime.InvokerHelper.invokePogoMethod(InvokerHelper.java:651)
	at org.codehaus.groovy.runtime.InvokerHelper.invokeMethod(InvokerHelper.java:628)
	at org.codehaus.groovy.runtime.metaclass.ClosureMetaClass.invokeOnDelegationObjects(ClosureMetaClass.java:392)
	at org.codehaus.groovy.runtime.metaclass.ClosureMetaClass.invokeMethod(ClosureMetaClass.java:331)
	at groovy.lang.MetaClassImpl.invokeMethod(MetaClassImpl.java:1007)
	at org.codehaus.groovy.vmplugin.v8.IndyInterface.fromCache(IndyInterface.java:321)
	at Script_b553d81a70ced1d6$_runScript_closure6$_closure25.doCall(Script_b553d81a70ced1d6:126)
	at java.base/jdk.internal.reflect.NativeMethodAccessorImpl.invoke0(Native Method)
	at java.base/jdk.internal.reflect.NativeMethodAccessorImpl.invoke(NativeMethodAccessorImpl.java:77)
	at java.base/jdk.internal.reflect.DelegatingMethodAccessorImpl.invoke(DelegatingMethodAccessorImpl.java:43)
	at java.base/java.lang.reflect.Method.invoke(Method.java:569)
	at org.codehaus.groovy.reflection.CachedMethod.invoke(CachedMethod.java:343)
	at groovy.lang.MetaMethod.doMethodInvoke(MetaMethod.java:328)
	at org.codehaus.groovy.runtime.metaclass.ClosureMetaClass.invokeMethod(ClosureMetaClass.java:280)
	at groovy.lang.MetaClassImpl.invokeMethod(MetaClassImpl.java:1007)
	at groovy.lang.Closure.call(Closure.java:433)
	at groovy.lang.Closure.call(Closure.java:412)
	at nextflow.script.WorkflowDef.run0(WorkflowDef.groovy:205)
	at nextflow.script.WorkflowDef.run(WorkflowDef.groovy:189)
	at nextflow.script.BindableDef.invoke_a(BindableDef.groovy:51)
	at nextflow.script.ComponentDef.invoke_o(ComponentDef.groovy:40)
	at nextflow.script.WorkflowBinding.invokeMethod(WorkflowBinding.groovy:105)
	at org.codehaus.groovy.runtime.InvokerHelper.invokePogoMethod(InvokerHelper.java:651)
	at org.codehaus.groovy.runtime.InvokerHelper.invokeMethod(InvokerHelper.java:628)
	at org.codehaus.groovy.runtime.metaclass.ClosureMetaClass.invokeOnDelegationObjects(ClosureMetaClass.java:392)
	at org.codehaus.groovy.runtime.metaclass.ClosureMetaClass.invokeMethod(ClosureMetaClass.java:331)
	at groovy.lang.MetaClassImpl.invokeMethod(MetaClassImpl.java:1007)
	at org.codehaus.groovy.vmplugin.v8.IndyInterface.fromCache(IndyInterface.java:321)
	at Script_4c6fc687ef7f6c42$_runScript_closure3$_closure4.doCall(Script_4c6fc687ef7f6c42:23)
	at java.base/jdk.internal.reflect.NativeMethodAccessorImpl.invoke0(Native Method)
	at java.base/jdk.internal.reflect.NativeMethodAccessorImpl.invoke(NativeMethodAccessorImpl.java:77)
	at java.base/jdk.internal.reflect.DelegatingMethodAccessorImpl.invoke(DelegatingMethodAccessorImpl.java:43)
	at java.base/java.lang.reflect.Method.invoke(Method.java:569)
	at org.codehaus.groovy.reflection.CachedMethod.invoke(CachedMethod.java:343)
	at groovy.lang.MetaMethod.doMethodInvoke(MetaMethod.java:328)
	at org.codehaus.groovy.runtime.metaclass.ClosureMetaClass.invokeMethod(ClosureMetaClass.java:280)
	at groovy.lang.MetaClassImpl.invokeMethod(MetaClassImpl.java:1007)
	at groovy.lang.Closure.call(Closure.java:433)
	at groovy.lang.Closure.call(Closure.java:412)
	at nextflow.script.WorkflowDef.run0(WorkflowDef.groovy:205)
	at nextflow.script.WorkflowDef.run(WorkflowDef.groovy:189)
	at nextflow.script.BindableDef.invoke_a(BindableDef.groovy:51)
	at org.codehaus.groovy.vmplugin.v8.IndyInterface.fromCache(IndyInterface.java:321)
	at nextflow.script.BaseScript.run0(BaseScript.groovy:182)
	at org.codehaus.groovy.vmplugin.v8.IndyInterface.fromCache(IndyInterface.java:321)
	at nextflow.script.BaseScript.run(BaseScript.groovy:193)
	at nextflow.script.parser.v1.ScriptLoaderV1.runScript(ScriptLoaderV1.groovy:246)
	at nextflow.script.parser.v1.ScriptLoaderV1.runScript(ScriptLoaderV1.groovy)
	at nextflow.script.ScriptRunner.run(ScriptRunner.groovy:246)
	at nextflow.script.ScriptRunner.execute(ScriptRunner.groovy:139)
	at nextflow.cli.CmdRun.run(CmdRun.groovy:379)
	at nextflow.cli.Launcher.run(Launcher.groovy:513)
	at nextflow.cli.Launcher.main(Launcher.groovy:673)
